AI 新闻搜索任务执行日志
=======================

执行时间: 2026-07-31 01:00 UTC
任务类型: 定时任务

执行步骤:
1. ✅ 获取日期: 2026年07月31日
2. ✅ 英文新闻搜索: 成功获取 3 条
3. ✅ 中文新闻搜索: 成功获取 3 条
4. ✅ 创建 news.json: 成功 (2689 bytes)
5. ✅ 飞书推送: 成功 (Message ID: om_x100b698b759e0cb0b2024ffcd6e0b8d)
6. ❌ GitHub 推送: 失败 (需要认证)

新闻列表:
1. AI News Briefs: BULLETIN BOARD for July 2026 (Radical Data Science)
2. AI News Highlights from 13th of July, 2026 (LinkedIn)
3. AI Appreciation Day 2026: 聚焦创新、安全与人类发展 (Times of India)
4. 新浪人工智能热点小时报丨2026年07月29日 (新浪科技)
5. 超300款AI新品将在2026世界人工智能大会首发 (数字中国建设峰会)
6. 习近平在2026世界人工智能大会发表主旨讲话 (TVB News)

错误记录:
- GitHub 推送失败: fatal: could not read Username for 'https://github.com': No such device or address
- 原因: 缺少 GitHub 认证配置
- 解决方案: 需要在 .env 中添加 GITHUB_TOKEN 或配置 SSH 密钥

任务状态: 核心任务已完成（飞书推送成功），GitHub 推送失败但不影响主要功能
