2026-08-01 01:00 UTC - AI 新闻搜索任务执行日志

步骤1: 获取日期
✅ 成功: 2026年08月01日

步骤2: 搜索新闻
❌ 失败: Web 搜索服务不可用
错误信息: web_search is disabled or no provider is available.
影响: 无法获取国内外新闻，共 0 条（要求 6 条）

步骤3: 更新 news.json
✅ 成功: 已写入异常通知到 news.json

步骤4: 推送到飞书
✅ 成功: 消息 ID om_x100b69e01f0b28a8b21e83e8aae7a4d

步骤5: 推送到 GitHub Pages
✅ Git commit 成功: 43c08b8
❌ Git push 失败: No such device or address
原因: GitHub 认证配置问题

总结:
- 新闻搜索: 失败（服务不可用）
- 飞书推送: 成功
- GitHub 推送: 失败（认证问题）

需要修复的问题:
1. Web 搜索服务配置（Tavily API）
2. Git 推送认证（SSH 密钥或 Personal Access Token）